// Jest Snapshot v1, https://goo.gl/fbAQLP

exports[`Pruebas en GifItems debe de hacer match con el snapshot 1`] = `
<div>
  <div
    class="card"
  >
    <img
      alt="Toyota Hilux"
      src="https://www.tucarro.com.ve/"
    />
    <p>
      Toyota Hilux
    </p>
  </div>
</div>
`;
